
> unity-bridge@1.0.0 build
> react-scripts build

Creating an optimized production build...
Failed to compile.

[eslint] 
src\features\games\FamilyGamesHub.js
  Line 30:37:    'db' is not defined                        no-undef
  Line 30:53:    'coupleCode' is not defined                no-undef
  Line 31:22:    'getMyId' is not defined                   no-undef
  Line 36:26:    'getMyName' is not defined                 no-undef
  Line 37:28:    'getMyAvatar' is not defined               no-undef
  Line 73:13:    'setCurrentFamilyGameId' is not defined    no-undef
  Line 74:13:    'setSelectedOpponent' is not defined       no-undef
  Line 83:18:    'getMyId' is not defined                   no-undef
  Line 84:24:    'familyActiveGames' is not defined         no-undef
  Line 84:61:    'currentFamilyGameId' is not defined       no-undef
  Line 90:44:    'setCurrentFamilyGameId' is not defined    no-undef
  Line 99:35:    'handleWordScrambleSubmit' is not defined  no-undef
  Line 100:35:   'darkMode' is not defined                  no-undef
  Line 107:38:   'db' is not defined                        no-undef
  Line 107:54:   'coupleCode' is not defined                no-undef
  Line 109:29:   'db' is not defined                        no-undef
  Line 110:37:   'coupleCode' is not defined                no-undef
  Line 111:35:   'darkMode' is not defined                  no-undef
  Line 112:43:   'sendNotification' is not defined          no-undef
  Line 119:38:   'db' is not defined                        no-undef
  Line 119:54:   'coupleCode' is not defined                no-undef
  Line 121:29:   'db' is not defined                        no-undef
  Line 122:37:   'coupleCode' is not defined                no-undef
  Line 123:35:   'darkMode' is not defined                  no-undef
  Line 124:43:   'sendNotification' is not defined          no-undef
  Line 131:38:   'db' is not defined                        no-undef
  Line 131:54:   'coupleCode' is not defined                no-undef
  Line 133:29:   'db' is not defined                        no-undef
  Line 134:37:   'coupleCode' is not defined                no-undef
  Line 135:35:   'darkMode' is not defined                  no-undef
  Line 146:119:  'darkMode' is not defined                  no-undef
  Line 149:71:   'darkMode' is not defined                  no-undef
  Line 153:40:   'setFamilyGameTab' is not defined          no-undef
  Line 153:122:  'familyGameTab' is not defined             no-undef
  Line 154:40:   'setFamilyGameTab' is not defined          no-undef
  Line 154:127:  'familyGameTab' is not defined             no-undef
  Line 157:14:   'familyGameTab' is not defined             no-undef
  Line 161:26:   'familyActiveGames' is not defined         no-undef
  Line 164:48:   'setCurrentFamilyGameId' is not defined    no-undef
  Line 183:30:   'getFamilyMembers' is not defined          no-undef
  Line 184:67:   'setSelectedOpponent' is not defined       no-undef
  Line 184:173:  'selectedOpponent' is not defined          no-undef
  Line 191:26:   'selectedOpponent' is not defined          no-undef
  Line 193:67:   'selectedOpponent' is not defined          no-undef
  Line 194:67:   'selectedOpponent' is not defined          no-undef
  Line 195:67:   'selectedOpponent' is not defined          no-undef
  Line 196:67:   'selectedOpponent' is not defined          no-undef

Search for the keywords to learn more about each error.


